// Jest Snapshot v1, https://goo.gl/fbAQLP

exports[`<About /> renders correctly 1`] = `
<div>
  <div
    class="sc-bwzfXH gHQhV"
  >
    <div
      class="about-image"
    />
    <div
      class="text"
    >
      <div
        class="title"
      >
        <h3>
          MORE ABOUT US
        </h3>
      </div>
      <div
        class="subtitle"
      >
        <p>
          Andrzej Duda Transport & Logistics is a road freight company specialising in international dedicated and express transport with light vehicles (1,4t capacity).
        </p>
        <p>
          Our company has a modern fleet of trucks, equipped with GPS navigation that allows us to monitor the current transport position.
        </p>
        <p>
          We cooperate with reliable and proven transport and logistic companies and are able to provide transport services within whole Europe.
        </p>
      </div>
      <a
        class="link"
        href="/services"
      >
        More details of our services â†’
      </a>
    </div>
  </div>
</div>
`;
